<testsuites id="" name="" tests="3" failures="0" skipped="0" errors="0" time="6.973779999999999">
<testsuite name="smoke.spec.js" timestamp="2026-05-16T08:21:24.734Z" hostname="" tests="3" failures="0" skipped="0" time="2.575" errors="0">
<testcase name="앱 기본 화면이 로드된다" classname="smoke.spec.js" time="0.438">
</testcase>
<testcase name="샘플 DB를 열 수 있다" classname="smoke.spec.js" time="1.317">
</testcase>
<testcase name="F9로 단일 쿼리를 실행할 수 있다" classname="smoke.spec.js" time="0.82">
</testcase>
</testsuite>
</testsuites>